// Jest Snapshot v1, https://goo.gl/fbAQLP

exports[`Holiday List component should render and match snapshot 1`] = `
<div>
  <div
    class="MuiPaper-root MuiPaper-elevation MuiPaper-rounded MuiPaper-elevation1 MuiTableCell-root MuiTableCell-sizeMedium css-sow7bl-MuiPaper-root-MuiTableCell-root"
    width="100%"
  >
    <table
      aria-label="holiday table"
      class="MuiTable-root css-1y3zdhj-MuiTable-root"
    >
      <thead
        class="MuiTableHead-root css-15wwp11-MuiTableHead-root"
      >
        <tr
          class="MuiTableRow-root MuiTableRow-head css-1q1u3t4-MuiTableRow-root"
        >
          <th
            class="MuiTableCell-root MuiTableCell-head MuiTableCell-sizeSmall css-1howxi1-MuiTableCell-root"
            scope="col"
          >
            Date
          </th>
          <th
            class="MuiTableCell-root MuiTableCell-head MuiTableCell-sizeSmall css-1howxi1-MuiTableCell-root"
            scope="col"
          >
            Festival Name
          </th>
        </tr>
      </thead>
      <tbody
        class="MuiTableBody-root css-apqrd9-MuiTableBody-root"
      >
        <tr
          class="MuiTableRow-root css-34nofg-MuiTableRow-root"
        >
          <th
            class="MuiTableCell-root MuiTableCell-body MuiTableCell-sizeSmall css-dsuxgy-MuiTableCell-root"
            scope="row"
          >
            01/01/2022
          </th>
          <th
            class="MuiTableCell-root MuiTableCell-body MuiTableCell-sizeSmall css-dsuxgy-MuiTableCell-root"
            scope="row"
          >
            New Years day
          </th>
        </tr>
        <tr
          class="MuiTableRow-root css-34nofg-MuiTableRow-root"
        >
          <th
            class="MuiTableCell-root MuiTableCell-body MuiTableCell-sizeSmall css-dsuxgy-MuiTableCell-root"
            scope="row"
          >
            14/01/2022
          </th>
          <th
            class="MuiTableCell-root MuiTableCell-body MuiTableCell-sizeSmall css-dsuxgy-MuiTableCell-root"
            scope="row"
          >
            Sankranthi
          </th>
        </tr>
        <tr
          class="MuiTableRow-root css-34nofg-MuiTableRow-root"
        >
          <th
            class="MuiTableCell-root MuiTableCell-body MuiTableCell-sizeSmall css-dsuxgy-MuiTableCell-root"
            scope="row"
          >
            26/01/2022
          </th>
          <th
            class="MuiTableCell-root MuiTableCell-body MuiTableCell-sizeSmall css-dsuxgy-MuiTableCell-root"
            scope="row"
          >
            Republic Day
          </th>
        </tr>
        <tr
          class="MuiTableRow-root css-34nofg-MuiTableRow-root"
        >
          <th
            class="MuiTableCell-root MuiTableCell-body MuiTableCell-sizeSmall css-dsuxgy-MuiTableCell-root"
            scope="row"
          >
            17/03/2022
          </th>
          <th
            class="MuiTableCell-root MuiTableCell-body MuiTableCell-sizeSmall css-dsuxgy-MuiTableCell-root"
            scope="row"
          >
            Holi
          </th>
        </tr>
        <tr
          class="MuiTableRow-root css-34nofg-MuiTableRow-root"
        >
          <th
            class="MuiTableCell-root MuiTableCell-body MuiTableCell-sizeSmall css-dsuxgy-MuiTableCell-root"
            scope="row"
          >
            15/04/2022
          </th>
          <th
            class="MuiTableCell-root MuiTableCell-body MuiTableCell-sizeSmall css-dsuxgy-MuiTableCell-root"
            scope="row"
          >
            Good Friday
          </th>
        </tr>
        <tr
          class="MuiTableRow-root css-34nofg-MuiTableRow-root"
        >
          <th
            class="MuiTableCell-root MuiTableCell-body MuiTableCell-sizeSmall css-dsuxgy-MuiTableCell-root"
            scope="row"
          >
            03/05/2022
          </th>
          <th
            class="MuiTableCell-root MuiTableCell-body MuiTableCell-sizeSmall css-dsuxgy-MuiTableCell-root"
            scope="row"
          >
            Khutba - E - Ramzan
          </th>
        </tr>
        <tr
          class="MuiTableRow-root css-34nofg-MuiTableRow-root"
        >
          <th
            class="MuiTableCell-root MuiTableCell-body MuiTableCell-sizeSmall css-dsuxgy-MuiTableCell-root"
            scope="row"
          >
            15/08/2022
          </th>
          <th
            class="MuiTableCell-root MuiTableCell-body MuiTableCell-sizeSmall css-dsuxgy-MuiTableCell-root"
            scope="row"
          >
            Independence Day
          </th>
        </tr>
        <tr
          class="MuiTableRow-root css-34nofg-MuiTableRow-root"
        >
          <th
            class="MuiTableCell-root MuiTableCell-body MuiTableCell-sizeSmall css-dsuxgy-MuiTableCell-root"
            scope="row"
          >
            31/08/2022
          </th>
          <th
            class="MuiTableCell-root MuiTableCell-body MuiTableCell-sizeSmall css-dsuxgy-MuiTableCell-root"
            scope="row"
          >
            Ganesha Festival
          </th>
        </tr>
        <tr
          class="MuiTableRow-root css-34nofg-MuiTableRow-root"
        >
          <th
            class="MuiTableCell-root MuiTableCell-body MuiTableCell-sizeSmall css-dsuxgy-MuiTableCell-root"
            scope="row"
          >
            05/10/2022
          </th>
          <th
            class="MuiTableCell-root MuiTableCell-body MuiTableCell-sizeSmall css-dsuxgy-MuiTableCell-root"
            scope="row"
          >
            Dasara / Vijayadashmi
          </th>
        </tr>
      </tbody>
    </table>
  </div>
</div>
`;
