// Jest Snapshot v1, https://goo.gl/fbAQLP

exports[`Weekly Attendance component should render and match snapshot 1`] = `
<div>
  <div
    class="MuiPaper-root MuiPaper-elevation MuiPaper-rounded MuiPaper-elevation1 MuiCard-root css-bhp9pd-MuiPaper-root-MuiCard-root"
  >
    <div
      class="recharts-wrapper"
      style="position: relative; cursor: default; width: 1000px; height: 350px;"
    >
      <svg
        class="recharts-surface"
        height="350"
        version="1.1"
        viewBox="0 0 1000 350"
        width="1000"
      >
        <defs>
          <clippath
            id="recharts1-clip"
          >
            <rect
              height="310"
              width="930"
              x="65"
              y="5"
            />
          </clippath>
        </defs>
        <g
          class="recharts-layer recharts-cartesian-axis recharts-xAxis xAxis"
        >
          <line
            class="recharts-cartesian-axis-line"
            fill="none"
            height="30"
            orientation="bottom"
            stroke="#666"
            type="category"
            width="930"
            x="65"
            x1="65"
            x2="995"
            y="315"
            y1="315"
            y2="315"
          />
          <g
            class="recharts-cartesian-axis-ticks"
          >
            <g
              class="recharts-layer recharts-cartesian-axis-tick"
            >
              <line
                class="recharts-cartesian-axis-tick-line"
                fill="none"
                height="30"
                orientation="bottom"
                stroke="#666"
                type="category"
                width="930"
                x="65"
                x1="181.25"
                x2="181.25"
                y="315"
                y1="321"
                y2="315"
              />
              <text
                class="recharts-text recharts-cartesian-axis-tick-value"
                fill="#666"
                height="30"
                orientation="bottom"
                stroke="none"
                text-anchor="middle"
                type="category"
                width="930"
                x="181.25"
                y="323"
              >
                <tspan
                  dy="0.71em"
                  x="181.25"
                >
                  31-01-2022
                </tspan>
              </text>
            </g>
            <g
              class="recharts-layer recharts-cartesian-axis-tick"
            >
              <line
                class="recharts-cartesian-axis-tick-line"
                fill="none"
                height="30"
                orientation="bottom"
                stroke="#666"
                type="category"
                width="930"
                x="65"
                x1="413.75"
                x2="413.75"
                y="315"
                y1="321"
                y2="315"
              />
              <text
                class="recharts-text recharts-cartesian-axis-tick-value"
                fill="#666"
                height="30"
                orientation="bottom"
                stroke="none"
                text-anchor="middle"
                type="category"
                width="930"
                x="413.75"
                y="323"
              >
                <tspan
                  dy="0.71em"
                  x="413.75"
                >
                  01-02-2022
                </tspan>
              </text>
            </g>
            <g
              class="recharts-layer recharts-cartesian-axis-tick"
            >
              <line
                class="recharts-cartesian-axis-tick-line"
                fill="none"
                height="30"
                orientation="bottom"
                stroke="#666"
                type="category"
                width="930"
                x="65"
                x1="646.25"
                x2="646.25"
                y="315"
                y1="321"
                y2="315"
              />
              <text
                class="recharts-text recharts-cartesian-axis-tick-value"
                fill="#666"
                height="30"
                orientation="bottom"
                stroke="none"
                text-anchor="middle"
                type="category"
                width="930"
                x="646.25"
                y="323"
              >
                <tspan
                  dy="0.71em"
                  x="646.25"
                >
                  02-02-2022
                </tspan>
              </text>
            </g>
            <g
              class="recharts-layer recharts-cartesian-axis-tick"
            >
              <line
                class="recharts-cartesian-axis-tick-line"
                fill="none"
                height="30"
                orientation="bottom"
                stroke="#666"
                type="category"
                width="930"
                x="65"
                x1="878.75"
                x2="878.75"
                y="315"
                y1="321"
                y2="315"
              />
              <text
                class="recharts-text recharts-cartesian-axis-tick-value"
                fill="#666"
                height="30"
                orientation="bottom"
                stroke="none"
                text-anchor="middle"
                type="category"
                width="930"
                x="878.75"
                y="323"
              >
                <tspan
                  dy="0.71em"
                  x="878.75"
                >
                  03-02-2022
                </tspan>
              </text>
            </g>
          </g>
        </g>
        <g
          class="recharts-layer recharts-cartesian-axis recharts-yAxis yAxis"
        >
          <line
            class="recharts-cartesian-axis-line"
            fill="none"
            height="310"
            orientation="left"
            stroke="#666"
            type="number"
            width="60"
            x="5"
            x1="65"
            x2="65"
            y="5"
            y1="5"
            y2="315"
          />
          <g
            class="recharts-cartesian-axis-ticks"
          >
            <g
              class="recharts-layer recharts-cartesian-axis-tick"
            >
              <line
                class="recharts-cartesian-axis-tick-line"
                fill="none"
                height="310"
                orientation="left"
                stroke="#666"
                type="number"
                width="60"
                x="5"
                x1="59"
                x2="65"
                y="5"
                y1="315"
                y2="315"
              />
              <text
                class="recharts-text recharts-cartesian-axis-tick-value"
                fill="#666"
                height="310"
                orientation="left"
                stroke="none"
                text-anchor="end"
                type="number"
                width="60"
                x="57"
                y="315"
              >
                <tspan
                  dy="0.355em"
                  x="57"
                >
                  0
                </tspan>
              </text>
            </g>
            <g
              class="recharts-layer recharts-cartesian-axis-tick"
            >
              <line
                class="recharts-cartesian-axis-tick-line"
                fill="none"
                height="310"
                orientation="left"
                stroke="#666"
                type="number"
                width="60"
                x="5"
                x1="59"
                x2="65"
                y="5"
                y1="237.5"
                y2="237.5"
              />
              <text
                class="recharts-text recharts-cartesian-axis-tick-value"
                fill="#666"
                height="310"
                orientation="left"
                stroke="none"
                text-anchor="end"
                type="number"
                width="60"
                x="57"
                y="237.5"
              >
                <tspan
                  dy="0.355em"
                  x="57"
                >
                  3
                </tspan>
              </text>
            </g>
            <g
              class="recharts-layer recharts-cartesian-axis-tick"
            >
              <line
                class="recharts-cartesian-axis-tick-line"
                fill="none"
                height="310"
                orientation="left"
                stroke="#666"
                type="number"
                width="60"
                x="5"
                x1="59"
                x2="65"
                y="5"
                y1="160"
                y2="160"
              />
              <text
                class="recharts-text recharts-cartesian-axis-tick-value"
                fill="#666"
                height="310"
                orientation="left"
                stroke="none"
                text-anchor="end"
                type="number"
                width="60"
                x="57"
                y="160"
              >
                <tspan
                  dy="0.355em"
                  x="57"
                >
                  6
                </tspan>
              </text>
            </g>
            <g
              class="recharts-layer recharts-cartesian-axis-tick"
            >
              <line
                class="recharts-cartesian-axis-tick-line"
                fill="none"
                height="310"
                orientation="left"
                stroke="#666"
                type="number"
                width="60"
                x="5"
                x1="59"
                x2="65"
                y="5"
                y1="82.5"
                y2="82.5"
              />
              <text
                class="recharts-text recharts-cartesian-axis-tick-value"
                fill="#666"
                height="310"
                orientation="left"
                stroke="none"
                text-anchor="end"
                type="number"
                width="60"
                x="57"
                y="82.5"
              >
                <tspan
                  dy="0.355em"
                  x="57"
                >
                  9
                </tspan>
              </text>
            </g>
            <g
              class="recharts-layer recharts-cartesian-axis-tick"
            >
              <line
                class="recharts-cartesian-axis-tick-line"
                fill="none"
                height="310"
                orientation="left"
                stroke="#666"
                type="number"
                width="60"
                x="5"
                x1="59"
                x2="65"
                y="5"
                y1="5"
                y2="5"
              />
              <text
                class="recharts-text recharts-cartesian-axis-tick-value"
                fill="#666"
                height="310"
                orientation="left"
                stroke="none"
                text-anchor="end"
                type="number"
                width="60"
                x="57"
                y="5"
              >
                <tspan
                  dy="0.355em"
                  x="57"
                >
                  12
                </tspan>
              </text>
            </g>
          </g>
        </g>
        <g
          class="recharts-layer recharts-bar"
        >
          <g
            class="recharts-layer recharts-bar-rectangles"
          >
            <g
              class="recharts-layer"
            >
              <g
                class="recharts-layer recharts-bar-rectangle"
              />
              <g
                class="recharts-layer recharts-bar-rectangle"
              />
              <g
                class="recharts-layer recharts-bar-rectangle"
              />
              <g
                class="recharts-layer recharts-bar-rectangle"
              />
            </g>
          </g>
        </g>
      </svg>
      <div
        class="recharts-legend-wrapper"
        style="position: absolute; width: 990px; height: auto; left: 5px; bottom: 5px;"
      >
        <ul
          class="recharts-default-legend"
          style="padding: 0px; margin: 0px; text-align: center;"
        >
          <li
            class="recharts-legend-item legend-item-0"
            style="display: inline-block; margin-right: 10px;"
          >
            <svg
              class="recharts-surface"
              height="14"
              style="display: inline-block; vertical-align: middle; margin-right: 4px;"
              version="1.1"
              viewBox="0 0 32 32"
              width="14"
            >
              <path
                class="recharts-legend-icon"
                d="M0,4h32v24h-32z"
                fill="#2976d2"
                stroke="none"
              />
            </svg>
            <span
              class="recharts-legend-item-text"
              style="color: rgb(41, 118, 210);"
            >
              noOfHours
            </span>
          </li>
        </ul>
      </div>
      <div
        class="recharts-tooltip-wrapper"
        style="transform: translate(undefinedpx, undefinedpx); pointer-events: none; visibility: hidden; position: absolute; top: 0px; left: 0px;"
      >
        <div
          class="recharts-default-tooltip"
          style="margin: 0px; padding: 10px; background-color: rgb(255, 255, 255); border: 1px solid #ccc; white-space: nowrap;"
        >
          <p
            class="recharts-tooltip-label"
            style="margin: 0px;"
          />
        </div>
      </div>
    </div>
  </div>
</div>
`;
